src/App.tsx(2,10): error TS6133: 'Plus' is declared but its value is never read.
src/App.tsx(2,50): error TS6133: 'BarChart3' is declared but its value is never read.
src/App.tsx(2,61): error TS6133: 'Trophy' is declared but its value is never read.
src/App.tsx(2,69): error TS6133: 'Calendar' is declared but its value is never read.
src/App.tsx(2,79): error TS6133: 'Brain' is declared but its value is never read.
src/App.tsx(11,1): error TS6133: 'Gamification' is declared but its value is never read.
src/App.tsx(12,1): error TS6133: 'CalendarComponent' is declared but its value is never read.
src/App.tsx(13,1): error TS6133: 'DeepWorkMode' is declared but its value is never read.
src/App.tsx(14,1): error TS6133: 'KeyboardNavigation' is declared but its value is never read.
src/App.tsx(15,1): error TS6133: 'initializeGamification' is declared but its value is never read.
src/App.tsx(16,1): error TS6133: 'initializeDeepWorkMode' is declared but its value is never read.
src/App.tsx(17,10): error TS6133: 'initializeVisualFeedback' is declared but its value is never read.
src/App.tsx(17,57): error TS6133: 'showErrorFeedback' is declared but its value is never read.
src/App.tsx(18,1): error TS6192: All imports in import declaration are unused.
src/App.tsx(19,1): error TS6192: All imports in import declaration are unused.
src/App.tsx(30,10): error TS6133: 'showGamification' is declared but its value is never read.
src/App.tsx(31,10): error TS6133: 'showCalendar' is declared but its value is never read.
src/App.tsx(32,10): error TS6133: 'showDeepWorkMode' is declared but its value is never read.
src/App.tsx(38,9): error TS6133: 'handleKeyboardAction' is declared but its value is never read.
src/background.ts(9,42): error TS7006: Parameter 'alarm' implicitly has an 'any' type.
src/background.ts(170,40): error TS7006: Parameter 'command' implicitly has an 'any' type.
src/background.ts(172,63): error TS7006: Parameter 'tabs' implicitly has an 'any' type.
src/background.ts(178,63): error TS7006: Parameter 'tabs' implicitly has an 'any' type.
src/background.ts(186,57): error TS7006: Parameter 'notificationId' implicitly has an 'any' type.
src/background.ts(186,73): error TS7006: Parameter 'buttonIndex' implicitly has an 'any' type.
src/components/Analytics.tsx(3,14): error TS6133: 'Task' is declared but its value is never read.
src/components/Analytics.tsx(4,10): error TS6133: 'format' is declared but its value is never read.
src/components/Analytics.tsx(55,15): error TS6133: 'tasksCompletedThisMonth' is declared but its value is never read.
src/components/Calendar.tsx(2,10): error TS2440: Import declaration conflicts with local declaration of 'Calendar'.
src/components/Calendar.tsx(14,49): error TS6133: 'isToday' is declared but its value is never read.
src/components/Calendar.tsx(14,58): error TS6133: 'isAfter' is declared but its value is never read.
src/components/Calendar.tsx(14,67): error TS6133: 'isBefore' is declared but its value is never read.
src/components/Calendar.tsx(39,23): error TS2345: Argument of type 'unknown' is not assignable to parameter of type 'SetStateAction<boolean>'.
src/components/Calendar.tsx(235,23): error TS2322: Type '{ className: string; }' is not assignable to type 'IntrinsicAttributes'.
  Property 'className' does not exist on type 'IntrinsicAttributes'.
src/components/Calendar.tsx(331,23): error TS2322: Type '{ className: string; }' is not assignable to type 'IntrinsicAttributes'.
  Property 'className' does not exist on type 'IntrinsicAttributes'.
src/components/DeepWorkMode.tsx(2,16): error TS6133: 'Pause' is declared but its value is never read.
src/components/DeepWorkMode.tsx(2,74): error TS6133: 'Globe' is declared but its value is never read.
src/components/Gamification.tsx(2,31): error TS6133: 'Target' is declared but its value is never read.
src/components/Gamification.tsx(21,21): error TS2345: Argument of type 'Settings | undefined' is not assignable to parameter of type 'SetStateAction<Settings | null>'.
  Type 'undefined' is not assignable to type 'SetStateAction<Settings | null>'.
src/components/Gamification.tsx(55,37): error TS2345: Argument of type 'number | undefined' is not assignable to parameter of type 'number'.
  Type 'undefined' is not assignable to type 'number'.
src/components/Gamification.tsx(56,50): error TS2345: Argument of type 'number | undefined' is not assignable to parameter of type 'number'.
  Type 'undefined' is not assignable to type 'number'.
src/components/Gamification.tsx(58,9): error TS18048: 'settings.totalPoints' is possibly 'undefined'.
src/components/Gamification.tsx(212,19): error TS18048: 'settings.streakCount' is possibly 'undefined'.
src/components/Gamification.tsx(214,19): error TS18048: 'settings.streakCount' is possibly 'undefined'.
src/components/Gamification.tsx(216,19): error TS18048: 'settings.streakCount' is possibly 'undefined'.
src/components/Sync.tsx(8,3): error TS6133: 'setLastSyncTime' is declared but its value is never read.
src/components/TaskInput.tsx(2,16): error TS6133: 'Calendar' is declared but its value is never read.
src/components/TaskInput.tsx(2,26): error TS6133: 'Clock' is declared but its value is never read.
src/components/TaskInput.tsx(2,33): error TS6133: 'Tag' is declared but its value is never read.
src/components/TaskInput.tsx(2,38): error TS6133: 'Flag' is declared but its value is never read.
src/components/TaskInput.tsx(4,1): error TS6192: All imports in import declaration are unused.
src/components/TaskList.tsx(58,33): error TS2345: Argument of type 'number | undefined' is not assignable to parameter of type 'number | Task'.
  Type 'undefined' is not assignable to type 'number | Task'.
src/content.ts(435,53): error TS6133: 'sender' is declared but its value is never read.
src/content.ts(435,66): error TS6133: 'sendResponse' is declared but its value is never read.
src/edgePanel.ts(11,15): error TS2451: Cannot redeclare block-scoped variable 'chrome'.
src/edgePanel.ts(79,5): error TS2322: Type 'Timeout' is not assignable to type 'number'.
src/edgePanel.ts(151,53): error TS6133: 'sender' is declared but its value is never read.
src/edgePanel.ts(151,66): error TS6133: 'sendResponse' is declared but its value is never read.
src/lib/accessibility.ts(35,11): error TS6133: 'focusableElements' is declared but its value is never read.
src/lib/accessibility.ts(37,11): error TS6133: 'focusTrap' is declared but its value is never read.
src/lib/accessibility.ts(140,5): error TS2531: Object is possibly 'null'.
src/lib/accessibility.ts(141,5): error TS2531: Object is possibly 'null'.
src/lib/accessibility.ts(142,5): error TS2531: Object is possibly 'null'.
src/lib/accessibility.ts(143,5): error TS2531: Object is possibly 'null'.
src/lib/accessibility.ts(144,5): error TS2531: Object is possibly 'null'.
src/lib/accessibility.ts(145,5): error TS2531: Object is possibly 'null'.
src/lib/accessibility.ts(146,5): error TS2531: Object is possibly 'null'.
src/lib/accessibility.ts(147,5): error TS2531: Object is possibly 'null'.
src/lib/accessibility.ts(203,9): error TS2322: Type 'string' is not assignable to type 'undefined'.
src/lib/accessibility.ts(209,7): error TS2322: Type 'string | null' is not assignable to type 'string | undefined'.
  Type 'null' is not assignable to type 'string | undefined'.
src/lib/accessibility.ts(243,7): error TS2353: Object literal may only specify known properties, and ''aria-pressed'' does not exist in type 'ARIAAttributes'.
src/lib/accessibility.ts(263,7): error TS2353: Object literal may only specify known properties, and ''aria-modal'' does not exist in type 'ARIAAttributes'.
src/lib/accessibility.ts(291,7): error TS2353: Object literal may only specify known properties, and ''aria-valuenow'' does not exist in type 'ARIAAttributes'.
src/lib/accessibility.ts(310,7): error TS2322: Type 'string' is not assignable to type 'boolean | undefined'.
src/lib/accessibility.ts(329,7): error TS2353: Object literal may only specify known properties, and ''draggable'' does not exist in type 'ARIAAttributes'.
src/lib/deepWorkMode.ts(1,14): error TS6133: 'Settings' is declared but its value is never read.
src/lib/deepWorkMode.ts(3,3): error TS6133: 'createBreakTimeNotification' is declared but its value is never read.
src/lib/deepWorkMode.ts(298,18): error TS7006: Parameter 'tab' implicitly has an 'any' type.
src/lib/deepWorkMode.ts(322,18): error TS7006: Parameter 'tab' implicitly has an 'any' type.
src/lib/deepWorkMode.ts(409,46): error TS7006: Parameter 'alarm' implicitly has an 'any' type.
src/lib/errorHandling.ts(309,79): error TS2554: Expected 1-2 arguments, but got 3.
src/lib/gamification.ts(1,16): error TS6133: 'Settings' is declared but its value is never read.
src/lib/gamification.ts(2,32): error TS6133: 'isToday' is declared but its value is never read.
src/lib/gamification.ts(2,41): error TS6133: 'isYesterday' is declared but its value is never read.
src/lib/gamification.ts(370,28): error TS18048: 'settings.totalPoints' is possibly 'undefined'.
src/lib/googleCalendar.ts(7,7): error TS6133: 'CLIENT_ID' is declared but its value is never read.
src/lib/googleCalendar.ts(8,7): error TS6133: 'API_KEY' is declared but its value is never read.
src/lib/googleCalendar.ts(10,7): error TS6133: 'DISCOVERY_DOC' is declared but its value is never read.
src/lib/googleCalendar.ts(264,17): error TS6133: 'event' is declared but its value is never read.
src/lib/keyboardNavigation.ts(173,27): error TS2339: Property 'disabled' does not exist on type 'Element'.
src/lib/keyboardNavigation.ts(412,37): error TS7006: Parameter 'event' implicitly has an 'any' type.
src/lib/performance.ts(73,25): error TS2345: Argument of type 'string | undefined' is not assignable to parameter of type 'string'.
  Type 'undefined' is not assignable to type 'string'.
src/lib/performance.ts(143,21): error TS2339: Property 'memory' does not exist on type 'Performance'.
src/lib/performance.ts(144,46): error TS2339: Property 'memory' does not exist on type 'Performance'.
src/lib/performance.ts(186,5): error TS2322: Type 'Timeout' is not assignable to type 'number'.
src/lib/performance.ts(359,23): error TS2304: Cannot find name 'useRef'.
src/lib/performance.ts(362,10): error TS2304: Cannot find name 'useRef'.
src/lib/performance.ts(436,10): error TS2322: Type '() => void' is not assignable to type 'void'.
src/lib/smartQueue.ts(75,13): error TS2345: Argument of type 'null' is not assignable to parameter of type 'IndexableType'.
src/lib/smartQueue.ts(112,21): error TS2322: Type 'boolean | undefined' is not assignable to type 'boolean'.
  Type 'undefined' is not assignable to type 'boolean'.
src/lib/smartQueue.ts(133,13): error TS2345: Argument of type 'null' is not assignable to parameter of type 'IndexableType'.
src/lib/smartQueue.ts(144,9): error TS6133: 'tomorrow' is declared but its value is never read.
src/lib/snooze.ts(1,1): error TS6133: 'Task' is declared but its value is never read.
src/lib/snooze.ts(62,44): error TS2307: Cannot find module './analytics' or its corresponding type declarations.
src/lib/snooze.ts(395,7): error TS18047: 'optionsContainer' is possibly 'null'.
src/lib/snooze.ts(424,3): error TS18047: 'closeBtn' is possibly 'null'.
src/lib/snooze.ts(425,3): error TS18047: 'cancelBtn' is possibly 'null'.
src/lib/snooze.ts(427,3): error TS18047: 'confirmBtn' is possibly 'null'.
src/lib/sync.ts(61,9): error TS6133: 'localSettingsMap' is declared but its value is never read.
src/lib/sync.ts(62,9): error TS6133: 'remoteSettingsMap' is declared but its value is never read.
src/lib/visualFeedback.ts(261,9): error TS18048: 'options.action' is possibly 'undefined'.
src/lib/visualFeedback.ts(416,19): error TS7006: Parameter 'button' implicitly has an 'any' type.
src/lib/visualFeedback.ts(464,32): error TS7006: Parameter 'element' implicitly has an 'any' type.
src/lib/visualFeedback.ts(464,41): error TS7006: Parameter 'index' implicitly has an 'any' type.
src/lib/visualFeedback.ts(498,24): error TS7006: Parameter 'element' implicitly has an 'any' type.
